// Jest Snapshot v1, https://goo.gl/fbAQLP

exports[`should render Headder correctly 1`] = `
<header>
  <h1>
    Expensify
  </h1>
  <[object Object]
    exact={true}
    to="/"
  >
    Home
  </[object Object]>
  <[object Object]
    to="/create"
  >
    Create
  </[object Object]>
  <[object Object]
    to="/help"
  >
    Help
  </[object Object]>
</header>
`;
